
> wavee-crash-dashboard@0.0.0 shots
> node shots/take.mjs

Vite dev server (mock mode) listening on http://localhost:5174
  overview-ready-light-1280.png
  overview-loading-light-1280.png
  overview-empty-light-1280.png
  overview-error-light-1280.png
  overview-refetching-light-1280.png
  issues-ready-light-1280.png
  issues-loading-light-1280.png
  issues-empty-light-1280.png
  issues-error-light-1280.png
  issues-refetching-light-1280.png
  issue-ready-light-1280.png
  issue-loading-light-1280.png
  issue-error-light-1280.png
  issue-missing-ready-light-1280.png
  reports-ready-light-1280.png
  reports-loading-light-1280.png
  reports-empty-light-1280.png
  reports-error-light-1280.png
  reports-refetching-light-1280.png
  report-ready-light-1280.png
  report-loading-light-1280.png
  report-error-light-1280.png
  report-missing-ready-light-1280.png
  versions-ready-light-1280.png
  versions-loading-light-1280.png
  versions-empty-light-1280.png
  versions-error-light-1280.png
  versions-refetching-light-1280.png
  symbols-ready-light-1280.png
  symbols-loading-light-1280.png
  symbols-empty-light-1280.png
  symbols-error-light-1280.png
  symbols-refetching-light-1280.png
  overview-ready-dark-1280.png
  overview-loading-dark-1280.png
  overview-empty-dark-1280.png
  overview-error-dark-1280.png
  overview-refetching-dark-1280.png
  issues-ready-dark-1280.png
  issues-loading-dark-1280.png
  issues-empty-dark-1280.png
  issues-error-dark-1280.png
  issues-refetching-dark-1280.png
  issue-ready-dark-1280.png
  issue-loading-dark-1280.png
  issue-error-dark-1280.png
  issue-missing-ready-dark-1280.png
  reports-ready-dark-1280.png
  reports-loading-dark-1280.png
  reports-empty-dark-1280.png
  reports-error-dark-1280.png
  reports-refetching-dark-1280.png
  report-ready-dark-1280.png
  report-loading-dark-1280.png
  report-error-dark-1280.png
  report-missing-ready-dark-1280.png
  versions-ready-dark-1280.png
  versions-loading-dark-1280.png
  versions-empty-dark-1280.png
  versions-error-dark-1280.png
  versions-refetching-dark-1280.png
  symbols-ready-dark-1280.png
  symbols-loading-dark-1280.png
  symbols-empty-dark-1280.png
  symbols-error-dark-1280.png
  symbols-refetching-dark-1280.png
  overview-ready-light-1920.png
  overview-loading-light-1920.png
  overview-empty-light-1920.png
  overview-error-light-1920.png
  overview-refetching-light-1920.png
  issues-ready-light-1920.png
  issues-loading-light-1920.png
  issues-empty-light-1920.png
  issues-error-light-1920.png
  issues-refetching-light-1920.png
  issue-ready-light-1920.png
  issue-loading-light-1920.png
  issue-error-light-1920.png
  issue-missing-ready-light-1920.png
  reports-ready-light-1920.png
  reports-loading-light-1920.png
  reports-empty-light-1920.png
  reports-error-light-1920.png
  reports-refetching-light-1920.png
  report-ready-light-1920.png
  report-loading-light-1920.png
  report-error-light-1920.png
  report-missing-ready-light-1920.png
  versions-ready-light-1920.png
  versions-loading-light-1920.png
  versions-empty-light-1920.png
  versions-error-light-1920.png
  versions-refetching-light-1920.png
  symbols-ready-light-1920.png
  symbols-loading-light-1920.png
  symbols-empty-light-1920.png
  symbols-error-light-1920.png
  symbols-refetching-light-1920.png
  overview-ready-dark-1920.png
  overview-loading-dark-1920.png
  overview-empty-dark-1920.png
  overview-error-dark-1920.png
  overview-refetching-dark-1920.png
  issues-ready-dark-1920.png
  issues-loading-dark-1920.png
  issues-empty-dark-1920.png
  issues-error-dark-1920.png
  issues-refetching-dark-1920.png
  issue-ready-dark-1920.png
  issue-loading-dark-1920.png
  issue-error-dark-1920.png
  issue-missing-ready-dark-1920.png
  reports-ready-dark-1920.png
  reports-loading-dark-1920.png
  reports-empty-dark-1920.png
  reports-error-dark-1920.png
  reports-refetching-dark-1920.png
  report-ready-dark-1920.png
  report-loading-dark-1920.png
  report-error-dark-1920.png
  report-missing-ready-dark-1920.png
  versions-ready-dark-1920.png
  versions-loading-dark-1920.png
  versions-empty-dark-1920.png
  versions-error-dark-1920.png
  versions-refetching-dark-1920.png
  symbols-ready-dark-1920.png
  symbols-loading-dark-1920.png
  symbols-empty-dark-1920.png
  symbols-error-dark-1920.png
  symbols-refetching-dark-1920.png
  overview-ready-light-900.png
  issues-ready-light-900.png
  issue-ready-light-900.png
  issue-missing-ready-light-900.png
  reports-ready-light-900.png
  report-ready-light-900.png
  report-missing-ready-light-900.png
  versions-ready-light-900.png
  symbols-ready-light-900.png
  overview-ready-light-600.png
  issues-ready-light-600.png
  issue-ready-light-600.png
  issue-missing-ready-light-600.png
  reports-ready-light-600.png
  report-ready-light-600.png
  report-missing-ready-light-600.png
  versions-ready-light-600.png
  symbols-ready-light-600.png

Wrote 150 screenshots to C:\WAVEE\WaveeMusic\ops\crash\dashboard\shots\out
No console errors, no horizontal overflow.
exit=0
